game 1/4: aditya=W score=1.0 term=CHECKMATE running=1.000
game 2/4: aditya=B score=1.0 term=CHECKMATE running=1.000
game 3/4: aditya=W score=1.0 term=CHECKMATE running=1.000
game 4/4: aditya=B score=1.0 term=CHECKMATE running=1.000
{
  "label": "elo2400",
  "movetime": 3.0,
  "threads": 2,
  "points": 4.0,
  "games": 4,
  "score": 1.0,
  "target": 0.75,
  "passed": true,
  "game_results": [
    {
      "game": 1,
      "aditya_white": true,
      "score": 1.0,
      "termination": "CHECKMATE",
      "result": "1-0"
    },
    {
      "game": 2,
      "aditya_white": false,
      "score": 1.0,
      "termination": "CHECKMATE",
      "result": "0-1"
    },
    {
      "game": 3,
      "aditya_white": true,
      "score": 1.0,
      "termination": "CHECKMATE",
      "result": "1-0"
    },
    {
      "game": 4,
      "aditya_white": false,
      "score": 1.0,
      "termination": "CHECKMATE",
      "result": "0-1"
    }
  ]
}
PGN: /workspace/results/match_elo2400_20260811_104310.pgn
