<UciProtocol (pid=5570)>: stderr >> info string syzygy nets/tb largest=6
<UciProtocol (pid=5570)>: stderr >> info string threads 2
<UciProtocol (pid=5570)>: stderr >> info string syzygy /workspace/nets/tb largest=6
game 1/4: aditya=W score=1.0 term=CHECKMATE running=1.000
game 2/4: aditya=B score=1.0 term=CHECKMATE running=1.000
game 3/4: aditya=W score=0.5 term=THREEFOLD_REPETITION running=0.833
game 4/4: aditya=B score=0.5 term=THREEFOLD_REPETITION running=0.750
{
  "label": "elo2400",
  "movetime": 3.0,
  "threads": 2,
  "points": 3.0,
  "games": 4,
  "score": 0.75,
  "target": 0.75,
  "passed": true,
  "game_results": [
    {
      "game": 1,
      "aditya_white": true,
      "score": 1.0,
      "termination": "CHECKMATE",
      "result": "1-0"
    },
    {
      "game": 2,
      "aditya_white": false,
      "score": 1.0,
      "termination": "CHECKMATE",
      "result": "0-1"
    },
    {
      "game": 3,
      "aditya_white": true,
      "score": 0.5,
      "termination": "THREEFOLD_REPETITION",
      "result": "1/2-1/2"
    },
    {
      "game": 4,
      "aditya_white": false,
      "score": 0.5,
      "termination": "THREEFOLD_REPETITION",
      "result": "1/2-1/2"
    }
  ]
}
PGN: /workspace/results/match_elo2400_20260816_064307.pgn
