<UciProtocol (pid=43602)>: stderr >> info string nnue_flags dual=1 halfka=1 input=40960 h1=256
<UciProtocol (pid=43602)>: stderr >> info string loaded NNUE /workspace/nets/halfka.nnue
NNUE file=/workspace/nets/halfka.nnue blend=0
<UciProtocol (pid=43602)>: stderr >> info string nnue_flags dual=1 halfka=1 input=40960 h1=256
game 1/24: nnue=W score=0.0 running=0.000
game 2/24: nnue=B score=0.0 running=0.000
game 3/24: nnue=W score=0.0 running=0.000
game 4/24: nnue=B score=0.0 running=0.000
game 5/24: nnue=W score=0.0 running=0.000
game 6/24: nnue=B score=0.0 running=0.000
game 7/24: nnue=W score=0.0 running=0.000
game 8/24: nnue=B score=0.0 running=0.000
game 9/24: nnue=W score=0.0 running=0.000
game 10/24: nnue=B score=0.0 running=0.000
game 11/24: nnue=W score=0.0 running=0.000
game 12/24: nnue=B score=0.0 running=0.000
game 13/24: nnue=W score=0.0 running=0.000
game 14/24: nnue=B score=0.0 running=0.000
game 15/24: nnue=W score=0.0 running=0.000
game 16/24: nnue=B score=0.0 running=0.000
game 17/24: nnue=W score=0.0 running=0.000
game 18/24: nnue=B score=0.0 running=0.000
game 19/24: nnue=W score=0.0 running=0.000
game 20/24: nnue=B score=0.0 running=0.000
game 21/24: nnue=W score=0.0 running=0.000
game 22/24: nnue=B score=0.0 running=0.000
game 23/24: nnue=W score=0.0 running=0.000
game 24/24: nnue=B score=0.0 running=0.000
NNUE score 0.0/24 = 0.000 (blend=0)
